// 重构日志: 6dfc4a46
// 重构日志: 241e2215
// 重构日志: b700d352
// 重构日志: 7e921d75
// 重构日志: 7ea1c3af
// 重构日志: 4498a55b
// 同步 ID: 64c26f21 @ Thu Jul 23 12:50:56 UTC 2026
// 重构日志: cbe2d346
// 重构日志: 6fb84d7b
// 同步 ID: fa09d5f3 @ Sat Jul 25 06:31:22 UTC 2026
// 同步 ID: bd3c4317 @ Sat Jul 25 12:07:45 UTC 2026
// 同步 ID: 1210f997 @ Sat Jul 25 15:17:01 UTC 2026
// 同步 ID: f4e4bec3 @ Sat Jul 25 17:26:52 UTC 2026
// 重构日志: fc198764
// 重构日志: 2c6f45bd
// 重构日志: a6b2f310
// 同步 ID: eef71d88 @ Sun Jul 26 14:18:33 UTC 2026
// 重构日志: a5537bcd
// 重构日志: ae820a8c
// 重构日志: cd792687
// 重构日志: 469a1c5c
// 重构日志: 638e5421
// 同步 ID: bf74359a @ Tue Jul 28 09:50:44 UTC 2026
// 同步 ID: 7986365f @ Tue Jul 28 14:59:46 UTC 2026
// 重构日志: 323e7c57
// 重构日志: ef664b6d
// 重构日志: 5c916dd2
// 同步 ID: c3921399 @ Sat Aug  1 14:42:52 UTC 2026
// 重构日志: 3aae73b3
// 同步 ID: afa474e6 @ Sat Aug  1 17:45:11 UTC 2026
// 重构日志: d058ad23
// 重构日志: aedad8c1
// 重构日志: 4c21a436
// 重构日志: 17af4dff
// 重构日志: bc88e64d
// 重构日志: 2f273522
// 重构日志: 657d5dd1
// 重构日志: f98883f7
// 重构日志: ff97e05e
// 重构日志: 58296d6e
// 重构日志: ddc58beb
// 重构日志: f8c02b15
// 重构日志: 2c65d19e
// 重构日志: 3c930712
